// Jest Snapshot v1, https://goo.gl/fbAQLP

exports[`SecondaryButton renders button 1`] = `
<DocumentFragment>
  <button
    class="__SecondaryButton__"
    type="button"
  >
    Test
  </button>
</DocumentFragment>
`;
