// Jest Snapshot v1, https://goo.gl/fbAQLP

exports[`Logo renders 1`] = `
<DocumentFragment>
  <a
    class="__Logo__"
    href="/"
  >
    <svg
      class="logo"
    >
      logo.svg
    </svg>
  </a>
</DocumentFragment>
`;
