// Jest Snapshot v1, https://goo.gl/fbAQLP

exports[`AuthorBAI renders 1`] = `
<DocumentFragment>
  <span>
    Author Identifier: 
    <a
      href="/literature?q=a%20F.Marchetto.1"
    >
      F.Marchetto.1
    </a>
  </span>
</DocumentFragment>
`;
