// Jest Snapshot v1, https://goo.gl/fbAQLP

exports[`GridLink renders 1`] = `
<DocumentFragment>
  <span>
    GRID Record: 
    <a
      href="//grid.ac/institutes/grid123"
      target="_blank"
    >
      grid123
    </a>
  </span>
</DocumentFragment>
`;
