// Jest Snapshot v1, https://goo.gl/fbAQLP

exports[`InstitutionHierarchyList renders 1`] = `
<DocumentFragment>
  <div
    class="__InlineList__"
  >
    <ul>
      <li>
        <span>
          Name1
          <span>
             (NA)
          </span>
        </span>
         â€¢ 
      </li>
      <li>
        <span>
          Name2
        </span>
      </li>
    </ul>
  </div>
</DocumentFragment>
`;
