// Jest Snapshot v1, https://goo.gl/fbAQLP

exports[`InstitutionsHistoricalDataList renders 1`] = `
<DocumentFragment>
  <div
    class="__InlineList__"
    data-testid="inline-data-list"
  >
    <span
      class=""
    >
      Note: 
    </span>
    <ul>
      <li>
        This is my first note â€¢ 
      </li>
      <li>
        second note
      </li>
    </ul>
  </div>
</DocumentFragment>
`;
