// Jest Snapshot v1, https://goo.gl/fbAQLP

exports[`InstitutionNameVariantsList renders 1`] = `
<DocumentFragment>
  <div
    class="__InlineList__"
    data-testid="inline-data-list"
  >
    <span
      class=""
    >
      Name Variants: 
    </span>
    <ul>
      <li>
        <span>
          Name1
        </span>
        , 
      </li>
      <li>
        <span>
          Name2
        </span>
      </li>
    </ul>
  </div>
</DocumentFragment>
`;
