// Jest Snapshot v1, https://goo.gl/fbAQLP

exports[`InstitutionPeople renders 1`] = `
<DocumentFragment>
  <span>
    List of 
    <a
      href="/authors?q=positions.record.$ref:123"
    >
      People
    </a>
  </span>
</DocumentFragment>
`;
