// Jest Snapshot v1, https://goo.gl/fbAQLP

exports[`RorLink renders 1`] = `
<DocumentFragment>
  <span>
    ROR Record: 
    <a
      href="https://ror123.org"
      target="_blank"
    >
      https://ror123.org
    </a>
  </span>
</DocumentFragment>
`;
