// Jest Snapshot v1, https://goo.gl/fbAQLP

exports[`Authors renders initial state 1`] = `
<DocumentFragment>
  <div
    class="__Authors__"
    data-testid="authors"
  />
</DocumentFragment>
`;
