// Jest Snapshot v1, https://goo.gl/fbAQLP

exports[`TabNameWithCount renders with required props 1`] = `
<DocumentFragment>
  <span>
    <span>
      Test
    </span>
    <span
      class="ml1"
    />
  </span>
</DocumentFragment>
`;
