// Jest Snapshot v1, https://goo.gl/fbAQLP

exports[`Data renders initial state 1`] = `
<DocumentFragment>
  <div
    class="__Data__ w-100"
    data-testid="data"
  />
</DocumentFragment>
`;
