// Jest Snapshot v1, https://goo.gl/fbAQLP

exports[`LabelWithHelp renders label with help 1`] = `
<span
  data-testid="label-with-help"
>
  Label
   
  <HelpIconTooltip
    help="This is the help"
  />
</span>
`;
