// Jest Snapshot v1, https://goo.gl/fbAQLP

exports[`RichDescription renders with description 1`] = `
<DocumentFragment>
  <div>
    description
  </div>
</DocumentFragment>
`;
