// Jest Snapshot v1, https://goo.gl/fbAQLP

exports[`PublicationSelectContainer renders checkbox checked when select all is checked 1`] = `
<DocumentFragment>
  <label
    class="ant-checkbox-wrapper ant-checkbox-wrapper-checked"
  >
    <span
      class="ant-checkbox ant-checkbox-checked"
    >
      <input
        checked=""
        class="ant-checkbox-input"
        type="checkbox"
        value=""
      />
      <span
        class="ant-checkbox-inner"
      />
    </span>
  </label>
</DocumentFragment>
`;
