// Jest Snapshot v1, https://goo.gl/fbAQLP

exports[`AuthorOrcid renders with orcid 1`] = `
<DocumentFragment>
  <a
    class="__AuthorOrcid__"
    href="//orcid.org/0000-0001-8058-0014"
    target="_blank"
  >
    <img
      alt="ORCID"
      src="orcid.svg"
    />
  </a>
</DocumentFragment>
`;
