// Jest Snapshot v1, https://goo.gl/fbAQLP

exports[`Seminars renders initial state 1`] = `
<DocumentFragment>
  <div
    class="w-100"
  />
</DocumentFragment>
`;
